2015-01-12T11:44:43.652+0100: 3.992: [GC [PSYoungGen: 334336K->23598K(389632K)] 334336K->23606K(1279488K), 0.0196290 secs] [Times: user=0.06 sys=0.01, real=0.02 secs] 
2015-01-12T11:44:46.226+0100: 6.566: [GC [PSYoungGen: 357934K->55277K(389632K)] 357942K->57175K(1279488K), 0.0368670 secs] [Times: user=0.15 sys=0.02, real=0.04 secs] 
2015-01-12T11:44:47.131+0100: 7.471: [GC [PSYoungGen: 389613K->55272K(389632K)] 391511K->80716K(1279488K), 0.0580370 secs] [Times: user=0.23 sys=0.02, real=0.06 secs] 
2015-01-12T11:44:51.371+0100: 11.711: [GC [PSYoungGen: 389608K->55289K(390144K)] 415052K->113226K(1280000K), 0.0677620 secs] [Times: user=0.28 sys=0.01, real=0.07 secs] 
2015-01-12T12:01:13.006+0100: 993.346: [GC [PSYoungGen: 390137K->55272K(390144K)] 448074K->125182K(1280000K), 0.0435060 secs] [Times: user=0.23 sys=0.00, real=0.04 secs] 
2015-01-12T12:22:13.950+0100: 2254.290: [GC [PSYoungGen: 390120K->55291K(297984K)] 460030K->125980K(1187840K), 0.0359890 secs] [Times: user=0.23 sys=0.01, real=0.04 secs] 
2015-01-12T12:38:24.529+0100: 3224.869: [GC [PSYoungGen: 297979K->24995K(267776K)] 368668K->123992K(1157632K), 0.0436020 secs] [Times: user=0.27 sys=0.01, real=0.05 secs] 
2015-01-12T12:54:40.108+0100: 4200.448: [GC [PSYoungGen: 267683K->4515K(332288K)] 366680K->123920K(1222144K), 0.0300610 secs] [Times: user=0.16 sys=0.01, real=0.03 secs] 
2015-01-12T13:09:50.597+0100: 5110.937: [GC [PSYoungGen: 232867K->256K(224256K)] 352272K->123990K(1114112K), 0.0089430 secs] [Times: user=0.05 sys=0.00, real=0.01 secs] 
2015-01-12T13:24:47.940+0100: 6008.280: [GC [PSYoungGen: 224000K->192K(330752K)] 347734K->123958K(1220608K), 0.0074410 secs] [Times: user=0.04 sys=0.00, real=0.01 secs] 
2015-01-12T13:39:26.444+0100: 6886.784: [GC [PSYoungGen: 219840K->128K(332288K)] 343606K->123926K(1222144K), 0.0072720 secs] [Times: user=0.04 sys=0.00, real=0.00 secs] 
2015-01-12T13:54:06.847+0100: 7767.187: [GC [PSYoungGen: 219776K->128K(334336K)] 343574K->123950K(1224192K), 0.0066090 secs] [Times: user=0.03 sys=0.00, real=0.01 secs] 
2015-01-12T14:09:02.277+0100: 8662.617: [GC [PSYoungGen: 222336K->128K(332800K)] 346158K->123974K(1222656K), 0.0071170 secs] [Times: user=0.03 sys=0.00, real=0.01 secs] 
2015-01-12T14:24:51.747+0100: 9612.087: [GC [PSYoungGen: 222336K->160K(339456K)] 346182K->124014K(1229312K), 0.0719870 secs] [Times: user=0.07 sys=0.00, real=0.07 secs] 
2015-01-12T14:40:17.799+0100: 10538.139: [GC [PSYoungGen: 231072K->128K(336384K)] 354926K->124006K(1226240K), 0.0671290 secs] [Times: user=0.03 sys=0.00, real=0.07 secs] 
2015-01-12T14:55:48.775+0100: 11469.115: [GC [PSYoungGen: 231040K->160K(346624K)] 354918K->124070K(1236480K), 0.2374280 secs] [Times: user=0.09 sys=0.00, real=0.24 secs] 
2015-01-12T15:12:14.765+0100: 12455.105: [GC [PSYoungGen: 244384K->160K(342528K)] 368294K->124094K(1232384K), 0.3389620 secs] [Times: user=0.09 sys=0.00, real=0.34 secs] 
2015-01-12T15:28:24.040+0100: 13424.380: [GC [PSYoungGen: 244384K->256K(354816K)] 368318K->124214K(1244672K), 0.2599880 secs] [Times: user=0.09 sys=0.00, real=0.26 secs] 
2015-01-12T15:45:40.203+0100: 14460.543: [GC [PSYoungGen: 260864K->128K(350720K)] 384822K->124110K(1240576K), 0.0643840 secs] [Times: user=0.04 sys=0.00, real=0.06 secs] 
2015-01-12T16:02:57.174+0100: 15497.514: [GC [PSYoungGen: 260736K->192K(363520K)] 384718K->124206K(1253376K), 0.0070770 secs] [Times: user=0.04 sys=0.00, real=0.00 secs] 
2015-01-12T16:21:32.670+0100: 16613.010: [GC [PSYoungGen: 277696K->192K(358912K)] 401710K->124230K(1248768K), 0.0073000 secs] [Times: user=0.04 sys=0.00, real=0.01 secs] 
2015-01-13T08:32:41.402+0100: 74881.742: [GC [PSYoungGen: 277696K->128K(372224K)] 401734K->124182K(1262080K), 0.0361610 secs] [Times: user=0.12 sys=0.00, real=0.04 secs] 
Heap
 PSYoungGen      total 372224K, used 178238K [0x00000000e4d00000, 0x00000000fff80000, 0x0000000100000000)
  eden space 294912K, 60% used [0x00000000e4d00000,0x00000000efaef820,0x00000000f6d00000)
  from space 77312K, 0% used [0x00000000fb400000,0x00000000fb420000,0x00000000fff80000)
  to   space 72704K, 0% used [0x00000000f6d00000,0x00000000f6d00000,0x00000000fb400000)
 ParOldGen       total 889856K, used 124054K [0x00000000ae800000, 0x00000000e4d00000, 0x00000000e4d00000)
  object space 889856K, 13% used [0x00000000ae800000,0x00000000b6125b80,0x00000000e4d00000)
 PSPermGen       total 88576K, used 88369K [0x000000009e800000, 0x00000000a3e80000, 0x00000000ae800000)
  object space 88576K, 99% used [0x000000009e800000,0x00000000a3e4c790,0x00000000a3e80000)
